/Users/miguelpalma/STM32CubeIDE/workspace_1.12.0/ST_Drone_FCU_F401/STM32 FW Project/Official release - 170120/Src/main.c:208:6:main	17
/Users/miguelpalma/STM32CubeIDE/workspace_1.12.0/ST_Drone_FCU_F401/STM32 FW Project/Official release - 170120/Src/main.c:600:6:SystemClock_Config	1
/Users/miguelpalma/STM32CubeIDE/workspace_1.12.0/ST_Drone_FCU_F401/STM32 FW Project/Official release - 170120/Src/main.c:649:6:MX_ADC1_Init	1
/Users/miguelpalma/STM32CubeIDE/workspace_1.12.0/ST_Drone_FCU_F401/STM32 FW Project/Official release - 170120/Src/main.c:719:6:MX_TIM2_Init	1
/Users/miguelpalma/STM32CubeIDE/workspace_1.12.0/ST_Drone_FCU_F401/STM32 FW Project/Official release - 170120/Src/main.c:757:6:MX_TIM4_Init	1
/Users/miguelpalma/STM32CubeIDE/workspace_1.12.0/ST_Drone_FCU_F401/STM32 FW Project/Official release - 170120/Src/main.c:803:6:MX_TIM9_Init	1
/Users/miguelpalma/STM32CubeIDE/workspace_1.12.0/ST_Drone_FCU_F401/STM32 FW Project/Official release - 170120/Src/main.c:821:6:MX_USART1_UART_Init	1
/Users/miguelpalma/STM32CubeIDE/workspace_1.12.0/ST_Drone_FCU_F401/STM32 FW Project/Official release - 170120/Src/main.c:845:6:MX_GPIO_Init	1
/Users/miguelpalma/STM32CubeIDE/workspace_1.12.0/ST_Drone_FCU_F401/STM32 FW Project/Official release - 170120/Src/main.c:869:6:HAL_TIM_PeriodElapsedCallback	14
/Users/miguelpalma/STM32CubeIDE/workspace_1.12.0/ST_Drone_FCU_F401/STM32 FW Project/Official release - 170120/Src/main.c:1048:13:initializeAllSensors	6
/Users/miguelpalma/STM32CubeIDE/workspace_1.12.0/ST_Drone_FCU_F401/STM32 FW Project/Official release - 170120/Src/main.c:1084:6:enableAllSensors	1
/Users/miguelpalma/STM32CubeIDE/workspace_1.12.0/ST_Drone_FCU_F401/STM32 FW Project/Official release - 170120/Src/main.c:1100:6:BlueNRG_Init	9
/Users/miguelpalma/STM32CubeIDE/workspace_1.12.0/ST_Drone_FCU_F401/STM32 FW Project/Official release - 170120/Src/main.c:1244:13:Init_BlueNRG_Custom_Services	4
/Users/miguelpalma/STM32CubeIDE/workspace_1.12.0/ST_Drone_FCU_F401/STM32 FW Project/Official release - 170120/Src/main.c:1275:13:SendMotionData	1
/Users/miguelpalma/STM32CubeIDE/workspace_1.12.0/ST_Drone_FCU_F401/STM32 FW Project/Official release - 170120/Src/main.c:1304:13:SendBattEnvData	3
/Users/miguelpalma/STM32CubeIDE/workspace_1.12.0/ST_Drone_FCU_F401/STM32 FW Project/Official release - 170120/Src/main.c:1340:13:SendArmingData	1
