/Users/miguelpalma/STM32CubeIDE/workspace_1.12.0/ST_Drone_FCU_F401/STM32 FW Project/Official release - 170120/Middlewares/ST/STM32_BlueNRG/SimpleBlueNRG_HCI/utils/gp_timer.c:51:1:Timer_Set	16	static
/Users/miguelpalma/STM32CubeIDE/workspace_1.12.0/ST_Drone_FCU_F401/STM32 FW Project/Official release - 170120/Middlewares/ST/STM32_BlueNRG/SimpleBlueNRG_HCI/utils/gp_timer.c:71:1:Timer_Reset	16	static
/Users/miguelpalma/STM32CubeIDE/workspace_1.12.0/ST_Drone_FCU_F401/STM32 FW Project/Official release - 170120/Middlewares/ST/STM32_BlueNRG/SimpleBlueNRG_HCI/utils/gp_timer.c:91:1:Timer_Restart	16	static
/Users/miguelpalma/STM32CubeIDE/workspace_1.12.0/ST_Drone_FCU_F401/STM32 FW Project/Official release - 170120/Middlewares/ST/STM32_BlueNRG/SimpleBlueNRG_HCI/utils/gp_timer.c:108:1:Timer_Expired	24	static
/Users/miguelpalma/STM32CubeIDE/workspace_1.12.0/ST_Drone_FCU_F401/STM32 FW Project/Official release - 170120/Middlewares/ST/STM32_BlueNRG/SimpleBlueNRG_HCI/utils/gp_timer.c:128:1:Timer_Remaining	24	static
