/Users/miguelpalma/STM32CubeIDE/workspace_1.12.0/ST_Drone_FCU_F401/STM32 FW Project/Official latest release 221117/Src/usbd_cdc_if.c:120:15:CDC_Init_FS	8	static
/Users/miguelpalma/STM32CubeIDE/workspace_1.12.0/ST_Drone_FCU_F401/STM32 FW Project/Official latest release 221117/Src/usbd_cdc_if.c:137:15:CDC_DeInit_FS	4	static
/Users/miguelpalma/STM32CubeIDE/workspace_1.12.0/ST_Drone_FCU_F401/STM32 FW Project/Official latest release 221117/Src/usbd_cdc_if.c:152:15:CDC_Control_FS	16	static
/Users/miguelpalma/STM32CubeIDE/workspace_1.12.0/ST_Drone_FCU_F401/STM32 FW Project/Official latest release 221117/Src/usbd_cdc_if.c:233:15:CDC_Receive_FS	16	static
/Users/miguelpalma/STM32CubeIDE/workspace_1.12.0/ST_Drone_FCU_F401/STM32 FW Project/Official latest release 221117/Src/usbd_cdc_if.c:251:9:CDC_Transmit_FS	24	static
