/Users/miguelpalma/STM32CubeIDE/workspace_1.12.0/ST_Drone_FCU_F401/STM32 FW Project/Official latest release 221117/Src/usbd_desc.c:210:12:USBD_FS_DeviceDescriptor	16	static
/Users/miguelpalma/STM32CubeIDE/workspace_1.12.0/ST_Drone_FCU_F401/STM32 FW Project/Official latest release 221117/Src/usbd_desc.c:223:12:USBD_FS_LangIDStrDescriptor	16	static
/Users/miguelpalma/STM32CubeIDE/workspace_1.12.0/ST_Drone_FCU_F401/STM32 FW Project/Official latest release 221117/Src/usbd_desc.c:236:12:USBD_FS_ProductStrDescriptor	16	static
/Users/miguelpalma/STM32CubeIDE/workspace_1.12.0/ST_Drone_FCU_F401/STM32 FW Project/Official latest release 221117/Src/usbd_desc.c:256:12:USBD_FS_ManufacturerStrDescriptor	16	static
/Users/miguelpalma/STM32CubeIDE/workspace_1.12.0/ST_Drone_FCU_F401/STM32 FW Project/Official latest release 221117/Src/usbd_desc.c:269:12:USBD_FS_SerialStrDescriptor	16	static
/Users/miguelpalma/STM32CubeIDE/workspace_1.12.0/ST_Drone_FCU_F401/STM32 FW Project/Official latest release 221117/Src/usbd_desc.c:289:12:USBD_FS_ConfigStrDescriptor	16	static
/Users/miguelpalma/STM32CubeIDE/workspace_1.12.0/ST_Drone_FCU_F401/STM32 FW Project/Official latest release 221117/Src/usbd_desc.c:309:12:USBD_FS_InterfaceStrDescriptor	16	static
