/Users/miguelpalma/STM32CubeIDE/workspace_1.12.0/ST_Drone_FCU_F401/STM32 FW Project/Official release with BLE Remocon - 170318/Src/main.c:208:6:main	24	static
/Users/miguelpalma/STM32CubeIDE/workspace_1.12.0/ST_Drone_FCU_F401/STM32 FW Project/Official release with BLE Remocon - 170318/Src/main.c:600:6:SystemClock_Config	88	static
/Users/miguelpalma/STM32CubeIDE/workspace_1.12.0/ST_Drone_FCU_F401/STM32 FW Project/Official release with BLE Remocon - 170318/Src/main.c:649:6:MX_ADC1_Init	24	static
/Users/miguelpalma/STM32CubeIDE/workspace_1.12.0/ST_Drone_FCU_F401/STM32 FW Project/Official release with BLE Remocon - 170318/Src/main.c:719:6:MX_TIM2_Init	48	static
/Users/miguelpalma/STM32CubeIDE/workspace_1.12.0/ST_Drone_FCU_F401/STM32 FW Project/Official release with BLE Remocon - 170318/Src/main.c:757:6:MX_TIM4_Init	64	static
/Users/miguelpalma/STM32CubeIDE/workspace_1.12.0/ST_Drone_FCU_F401/STM32 FW Project/Official release with BLE Remocon - 170318/Src/main.c:803:6:MX_TIM9_Init	24	static
/Users/miguelpalma/STM32CubeIDE/workspace_1.12.0/ST_Drone_FCU_F401/STM32 FW Project/Official release with BLE Remocon - 170318/Src/main.c:821:6:MX_USART1_UART_Init	8	static
/Users/miguelpalma/STM32CubeIDE/workspace_1.12.0/ST_Drone_FCU_F401/STM32 FW Project/Official release with BLE Remocon - 170318/Src/main.c:845:6:MX_GPIO_Init	40	static
/Users/miguelpalma/STM32CubeIDE/workspace_1.12.0/ST_Drone_FCU_F401/STM32 FW Project/Official release with BLE Remocon - 170318/Src/main.c:869:6:HAL_TIM_PeriodElapsedCallback	48	static
/Users/miguelpalma/STM32CubeIDE/workspace_1.12.0/ST_Drone_FCU_F401/STM32 FW Project/Official release with BLE Remocon - 170318/Src/main.c:1048:13:initializeAllSensors	8	static
/Users/miguelpalma/STM32CubeIDE/workspace_1.12.0/ST_Drone_FCU_F401/STM32 FW Project/Official release with BLE Remocon - 170318/Src/main.c:1084:6:enableAllSensors	8	static
/Users/miguelpalma/STM32CubeIDE/workspace_1.12.0/ST_Drone_FCU_F401/STM32 FW Project/Official release with BLE Remocon - 170318/Src/main.c:1100:6:BlueNRG_Init	88	static
/Users/miguelpalma/STM32CubeIDE/workspace_1.12.0/ST_Drone_FCU_F401/STM32 FW Project/Official release with BLE Remocon - 170318/Src/main.c:1223:13:Init_BlueNRG_Custom_Services	16	static
/Users/miguelpalma/STM32CubeIDE/workspace_1.12.0/ST_Drone_FCU_F401/STM32 FW Project/Official release with BLE Remocon - 170318/Src/main.c:1254:13:SendMotionData	48	static
/Users/miguelpalma/STM32CubeIDE/workspace_1.12.0/ST_Drone_FCU_F401/STM32 FW Project/Official release with BLE Remocon - 170318/Src/main.c:1283:13:SendBattEnvData	32	static
/Users/miguelpalma/STM32CubeIDE/workspace_1.12.0/ST_Drone_FCU_F401/STM32 FW Project/Official release with BLE Remocon - 170318/Src/main.c:1319:13:SendArmingData	8	static
