/Users/miguelpalma/STM32CubeIDE/workspace_1.12.0/ST_Drone_FCU_F401/STM32 FW Project/Official release with BLE Remocon - 170318/Src/rc.c:85:6:init_remote_control	8	static
/Users/miguelpalma/STM32CubeIDE/workspace_1.12.0/ST_Drone_FCU_F401/STM32 FW Project/Official release with BLE Remocon - 170318/Src/rc.c:102:6:init_rc_variables	16	static
/Users/miguelpalma/STM32CubeIDE/workspace_1.12.0/ST_Drone_FCU_F401/STM32 FW Project/Official release with BLE Remocon - 170318/Src/rc.c:115:6:HAL_TIM_IC_CaptureCallback	16	static
/Users/miguelpalma/STM32CubeIDE/workspace_1.12.0/ST_Drone_FCU_F401/STM32 FW Project/Official release with BLE Remocon - 170318/Src/rc.c:187:6:HAL_SYSTICK_Callback	8	static
/Users/miguelpalma/STM32CubeIDE/workspace_1.12.0/ST_Drone_FCU_F401/STM32 FW Project/Official release with BLE Remocon - 170318/Src/rc.c:206:6:update_rc_data	16	static
/Users/miguelpalma/STM32CubeIDE/workspace_1.12.0/ST_Drone_FCU_F401/STM32 FW Project/Official release with BLE Remocon - 170318/Src/rc.c:244:6:GetTargetEulerAngle	16	static
/Users/miguelpalma/STM32CubeIDE/workspace_1.12.0/ST_Drone_FCU_F401/STM32 FW Project/Official release with BLE Remocon - 170318/Src/rc.c:287:6:init_queue	24	static
/Users/miguelpalma/STM32CubeIDE/workspace_1.12.0/ST_Drone_FCU_F401/STM32 FW Project/Official release with BLE Remocon - 170318/Src/rc.c:303:6:add_queue	24	static
/Users/miguelpalma/STM32CubeIDE/workspace_1.12.0/ST_Drone_FCU_F401/STM32 FW Project/Official release with BLE Remocon - 170318/Src/rc.c:333:9:get_queue	24	static
