/Users/miguelpalma/STM32CubeIDE/workspace_1.12.0/ST_Drone_FCU_F401/STM32 FW Project/Official release with BLE Remocon - 170318/Src/sensor_service.c:116:12:safe_aci_gatt_update_char_value	40	static
/Users/miguelpalma/STM32CubeIDE/workspace_1.12.0/ST_Drone_FCU_F401/STM32 FW Project/Official release with BLE Remocon - 170318/Src/sensor_service.c:147:12:Add_ConfigW2ST_Service	56	static
/Users/miguelpalma/STM32CubeIDE/workspace_1.12.0/ST_Drone_FCU_F401/STM32 FW Project/Official release with BLE Remocon - 170318/Src/sensor_service.c:183:12:Add_ConsoleW2ST_Service	56	static
/Users/miguelpalma/STM32CubeIDE/workspace_1.12.0/ST_Drone_FCU_F401/STM32 FW Project/Official release with BLE Remocon - 170318/Src/sensor_service.c:231:12:Stderr_Update	32	static
/Users/miguelpalma/STM32CubeIDE/workspace_1.12.0/ST_Drone_FCU_F401/STM32 FW Project/Official release with BLE Remocon - 170318/Src/sensor_service.c:263:12:Term_Update	32	static
/Users/miguelpalma/STM32CubeIDE/workspace_1.12.0/ST_Drone_FCU_F401/STM32 FW Project/Official release with BLE Remocon - 170318/Src/sensor_service.c:294:19:Stderr_Update_AfterRead	24	static
/Users/miguelpalma/STM32CubeIDE/workspace_1.12.0/ST_Drone_FCU_F401/STM32 FW Project/Official release with BLE Remocon - 170318/Src/sensor_service.c:311:19:Term_Update_AfterRead	24	static
/Users/miguelpalma/STM32CubeIDE/workspace_1.12.0/ST_Drone_FCU_F401/STM32 FW Project/Official release with BLE Remocon - 170318/Src/sensor_service.c:334:12:Config_Notify	40	static
/Users/miguelpalma/STM32CubeIDE/workspace_1.12.0/ST_Drone_FCU_F401/STM32 FW Project/Official release with BLE Remocon - 170318/Src/sensor_service.c:362:12:AccEvent_Notify	32	static
/Users/miguelpalma/STM32CubeIDE/workspace_1.12.0/ST_Drone_FCU_F401/STM32 FW Project/Official release with BLE Remocon - 170318/Src/sensor_service.c:388:12:Add_HWServW2ST_Service	56	static
/Users/miguelpalma/STM32CubeIDE/workspace_1.12.0/ST_Drone_FCU_F401/STM32 FW Project/Official release with BLE Remocon - 170318/Src/sensor_service.c:532:12:AccGyroMag_Update	56	static
/Users/miguelpalma/STM32CubeIDE/workspace_1.12.0/ST_Drone_FCU_F401/STM32 FW Project/Official release with BLE Remocon - 170318/Src/sensor_service.c:578:12:Batt_Env_RSSI_Update	48	static
/Users/miguelpalma/STM32CubeIDE/workspace_1.12.0/ST_Drone_FCU_F401/STM32 FW Project/Official release with BLE Remocon - 170318/Src/sensor_service.c:621:12:ARMING_Update	32	static
/Users/miguelpalma/STM32CubeIDE/workspace_1.12.0/ST_Drone_FCU_F401/STM32 FW Project/Official release with BLE Remocon - 170318/Src/sensor_service.c:650:6:setConnectable	88	static
/Users/miguelpalma/STM32CubeIDE/workspace_1.12.0/ST_Drone_FCU_F401/STM32 FW Project/Official release with BLE Remocon - 170318/Src/sensor_service.c:711:13:GAP_ConnectionComplete_CB	40	static
/Users/miguelpalma/STM32CubeIDE/workspace_1.12.0/ST_Drone_FCU_F401/STM32 FW Project/Official release with BLE Remocon - 170318/Src/sensor_service.c:738:13:GAP_DisconnectionComplete_CB	8	static
/Users/miguelpalma/STM32CubeIDE/workspace_1.12.0/ST_Drone_FCU_F401/STM32 FW Project/Official release with BLE Remocon - 170318/Src/sensor_service.c:762:6:Read_Request_CB	48	static
/Users/miguelpalma/STM32CubeIDE/workspace_1.12.0/ST_Drone_FCU_F401/STM32 FW Project/Official release with BLE Remocon - 170318/Src/sensor_service.c:812:6:Attribute_Modified_CB	24	static
/Users/miguelpalma/STM32CubeIDE/workspace_1.12.0/ST_Drone_FCU_F401/STM32 FW Project/Official release with BLE Remocon - 170318/Src/sensor_service.c:914:17:DebugConsoleCommandParsing	136	static
/Users/miguelpalma/STM32CubeIDE/workspace_1.12.0/ST_Drone_FCU_F401/STM32 FW Project/Official release with BLE Remocon - 170318/Src/sensor_service.c:1109:17:ConfigCommandParsing	24	static
/Users/miguelpalma/STM32CubeIDE/workspace_1.12.0/ST_Drone_FCU_F401/STM32 FW Project/Official release with BLE Remocon - 170318/Src/sensor_service.c:1122:6:HCI_Event_CB	48	static
/Users/miguelpalma/STM32CubeIDE/workspace_1.12.0/ST_Drone_FCU_F401/STM32 FW Project/Official release with BLE Remocon - 170318/Src/sensor_service.c:1178:13:DisableHWFeatures	4	static
