/Users/miguelpalma/STM32CubeIDE/workspace_1.12.0/ST_Drone_FCU_F401/STM32 FW Project/Official release with BLE Remocon - 170318/Src/timer.c:7:6:SetupTimer	16	static
/Users/miguelpalma/STM32CubeIDE/workspace_1.12.0/ST_Drone_FCU_F401/STM32 FW Project/Official release with BLE Remocon - 170318/Src/timer.c:15:6:StartTimer	16	static
/Users/miguelpalma/STM32CubeIDE/workspace_1.12.0/ST_Drone_FCU_F401/STM32 FW Project/Official release with BLE Remocon - 170318/Src/timer.c:21:6:StopTimer	16	static
/Users/miguelpalma/STM32CubeIDE/workspace_1.12.0/ST_Drone_FCU_F401/STM32 FW Project/Official release with BLE Remocon - 170318/Src/timer.c:26:6:ClearTimer	16	static
/Users/miguelpalma/STM32CubeIDE/workspace_1.12.0/ST_Drone_FCU_F401/STM32 FW Project/Official release with BLE Remocon - 170318/Src/timer.c:31:6:TimerProcess	24	static
/Users/miguelpalma/STM32CubeIDE/workspace_1.12.0/ST_Drone_FCU_F401/STM32 FW Project/Official release with BLE Remocon - 170318/Src/timer.c:43:10:isTimerEventExist	16	static
/Users/miguelpalma/STM32CubeIDE/workspace_1.12.0/ST_Drone_FCU_F401/STM32 FW Project/Official release with BLE Remocon - 170318/Src/timer.c:48:6:User_Timer_Callback	8	static
