/Users/miguelpalma/STM32CubeIDE/workspace_1.12.0/ST_Drone_FCU_F401/STM32 FW Project/Official release with BLE Remocon - 170318/Drivers/STM32F4xx_HAL_Driver/Src/stm32f4xx_hal_dma.c:189:19:HAL_DMA_Init	32	static
/Users/miguelpalma/STM32CubeIDE/workspace_1.12.0/ST_Drone_FCU_F401/STM32 FW Project/Official release with BLE Remocon - 170318/Drivers/STM32F4xx_HAL_Driver/Src/stm32f4xx_hal_dma.c:323:19:HAL_DMA_DeInit	24	static
/Users/miguelpalma/STM32CubeIDE/workspace_1.12.0/ST_Drone_FCU_F401/STM32 FW Project/Official release with BLE Remocon - 170318/Drivers/STM32F4xx_HAL_Driver/Src/stm32f4xx_hal_dma.c:413:19:HAL_DMA_Start	32	static
/Users/miguelpalma/STM32CubeIDE/workspace_1.12.0/ST_Drone_FCU_F401/STM32 FW Project/Official release with BLE Remocon - 170318/Drivers/STM32F4xx_HAL_Driver/Src/stm32f4xx_hal_dma.c:457:19:HAL_DMA_Start_IT	32	static
/Users/miguelpalma/STM32CubeIDE/workspace_1.12.0/ST_Drone_FCU_F401/STM32 FW Project/Official release with BLE Remocon - 170318/Drivers/STM32F4xx_HAL_Driver/Src/stm32f4xx_hal_dma.c:520:19:HAL_DMA_Abort	24	static
/Users/miguelpalma/STM32CubeIDE/workspace_1.12.0/ST_Drone_FCU_F401/STM32 FW Project/Official release with BLE Remocon - 170318/Drivers/STM32F4xx_HAL_Driver/Src/stm32f4xx_hal_dma.c:587:19:HAL_DMA_Abort_IT	16	static
/Users/miguelpalma/STM32CubeIDE/workspace_1.12.0/ST_Drone_FCU_F401/STM32 FW Project/Official release with BLE Remocon - 170318/Drivers/STM32F4xx_HAL_Driver/Src/stm32f4xx_hal_dma.c:617:19:HAL_DMA_PollForTransfer	48	static
/Users/miguelpalma/STM32CubeIDE/workspace_1.12.0/ST_Drone_FCU_F401/STM32 FW Project/Official release with BLE Remocon - 170318/Drivers/STM32F4xx_HAL_Driver/Src/stm32f4xx_hal_dma.c:753:6:HAL_DMA_IRQHandler	32	static
/Users/miguelpalma/STM32CubeIDE/workspace_1.12.0/ST_Drone_FCU_F401/STM32 FW Project/Official release with BLE Remocon - 170318/Drivers/STM32F4xx_HAL_Driver/Src/stm32f4xx_hal_dma.c:974:19:HAL_DMA_RegisterCallback	32	static
/Users/miguelpalma/STM32CubeIDE/workspace_1.12.0/ST_Drone_FCU_F401/STM32 FW Project/Official release with BLE Remocon - 170318/Drivers/STM32F4xx_HAL_Driver/Src/stm32f4xx_hal_dma.c:1034:19:HAL_DMA_UnRegisterCallback	24	static
/Users/miguelpalma/STM32CubeIDE/workspace_1.12.0/ST_Drone_FCU_F401/STM32 FW Project/Official release with BLE Remocon - 170318/Drivers/STM32F4xx_HAL_Driver/Src/stm32f4xx_hal_dma.c:1119:22:HAL_DMA_GetState	16	static
/Users/miguelpalma/STM32CubeIDE/workspace_1.12.0/ST_Drone_FCU_F401/STM32 FW Project/Official release with BLE Remocon - 170318/Drivers/STM32F4xx_HAL_Driver/Src/stm32f4xx_hal_dma.c:1130:10:HAL_DMA_GetError	16	static
/Users/miguelpalma/STM32CubeIDE/workspace_1.12.0/ST_Drone_FCU_F401/STM32 FW Project/Official release with BLE Remocon - 170318/Drivers/STM32F4xx_HAL_Driver/Src/stm32f4xx_hal_dma.c:1156:13:DMA_SetConfig	24	static
/Users/miguelpalma/STM32CubeIDE/workspace_1.12.0/ST_Drone_FCU_F401/STM32 FW Project/Official release with BLE Remocon - 170318/Drivers/STM32F4xx_HAL_Driver/Src/stm32f4xx_hal_dma.c:1190:17:DMA_CalcBaseAndBitshift	24	static
/Users/miguelpalma/STM32CubeIDE/workspace_1.12.0/ST_Drone_FCU_F401/STM32 FW Project/Official release with BLE Remocon - 170318/Drivers/STM32F4xx_HAL_Driver/Src/stm32f4xx_hal_dma.c:1218:26:DMA_CheckFifoParam	24	static
